// Jest Snapshot v1, https://goo.gl/fbAQLP

exports[
  `<HelloWorld /> should render the heading on HelloWorld component 1`
] = `
.c0 {
  --tw-text-opacity: 1;
  color: rgba(255,255,255,var(--tw-text-opacity));
  font-size: 3.2rem;
  background-color: #1D2324;
}

<h1
  class="c0"
>
  Hello World
</h1>
`;
